{
    "tax": {
        "content": [
            [
                "SILVA-SSU-tax.txt:md5,1be080c83abb578f02e73ba516bad3f0"
            ]
        ],
        "timestamp": "2023-12-12T09:15:53.847331966"
    }
}