{
    "cleaned_fasta": {
        "content": [
            [
                "SILVA-SSU.fasta:md5,68c60c9c9b78c0244f05e78fac9926a6"
            ]
        ],
        "timestamp": "2023-12-12T10:09:21.174627208"
    }
}