{
    "uplift_final": {
        "content": [
            [
                "uplift.final.txt:md5,dfe9111b418e3e0b7b1d60efd1f816cb"
            ]
        ],
        "timestamp": "2023-12-12T15:56:05.042159553"
    }
}