{
    "test_param": {
        "content": [
            true
        ],
        "timestamp": "2024-01-04T12:30:10.749712914"
    }
}