{
    "tax_lineage": {
        "content": [
            [
                "itsonedb_tax_lineage.txt:md5,d0d91ad37327ea0ed0bd1da9b3735013"
            ]
        ],
        "timestamp": "2023-12-12T15:32:08.204002307"
    }
}