{
    "tax": {
        "content": [
            [
                "UNITE-tax.txt:md5,a319c4233d4076e5ea99f2ebf59dabbf"
            ]
        ],
        "timestamp": "2023-12-12T14:57:17.728294935"
    }
}