{
    "tax": {
        "content": [
            [
                "PR2-tax.txt:md5,09c0e41a85d3bb2abbc66ab125a299c0"
            ]
        ],
        "timestamp": "2023-12-12T14:46:24.504901874"
    }
}