{
    "mscluster": {
        "content": [
            [
                "test.fasta.mscluster:md5,94e3466bb7c2ad57a6ee64f78baa2f7a"
            ]
        ],
        "timestamp": "2023-12-12T10:21:12.439838992"
    }
}